// Jest Snapshot v1, https://goo.gl/fbAQLP

exports[`App tests snapshot test for App 1`] = `"<Profile header={[Function: bound onSubmit]} />"`;
